// Jest Snapshot v1, https://goo.gl/fbAQLP

exports[`<MenuCard /> snapshot of the component 1`] = `
<View
  accessibilityState={
    {
      "busy": undefined,
      "checked": undefined,
      "disabled": undefined,
      "expanded": undefined,
      "selected": undefined,
    }
  }
  accessibilityValue={
    {
      "max": undefined,
      "min": undefined,
      "now": undefined,
      "text": undefined,
    }
  }
  accessible={true}
  collapsable={false}
  focusable={false}
  onClick={[Function]}
  onResponderGrant={[Function]}
  onResponderMove={[Function]}
  onResponderRelease={[Function]}
  onResponderTerminate={[Function]}
  onResponderTerminationRequest={[Function]}
  onStartShouldSetResponder={[Function]}
  style={
    {
      "opacity": 1,
    }
  }
  testID="menu-card"
>
  <Image
    className="absolute -top-10 size-32"
    resizeMode="contain"
    source={
      {
        "uri": "https://example.com/burger.jpg",
      }
    }
    testID="menu-card-image"
  />
  <Text
    className="base-bold mb-2 text-center text-dark-100"
    numberOfLines={1}
    testID="menu-card-name"
  >
    Delicious Burger
  </Text>
  <Text
    className="body-regular mb-4 text-gray-200"
    testID="menu-card-price"
  >
    From $
    15.99
  </Text>
  <View
    accessibilityState={
      {
        "busy": undefined,
        "checked": undefined,
        "disabled": undefined,
        "expanded": undefined,
        "selected": undefined,
      }
    }
    accessibilityValue={
      {
        "max": undefined,
        "min": undefined,
        "now": undefined,
        "text": undefined,
      }
    }
    accessible={true}
    collapsable={false}
    focusable={true}
    onClick={[Function]}
    onResponderGrant={[Function]}
    onResponderMove={[Function]}
    onResponderRelease={[Function]}
    onResponderTerminate={[Function]}
    onResponderTerminationRequest={[Function]}
    onStartShouldSetResponder={[Function]}
    style={
      {
        "opacity": 1,
      }
    }
    testID="add-to-cart-button"
  >
    <Text
      className="paragraph-bold text-primary"
    >
      Add To Cart +
    </Text>
  </View>
</View>
`;
